в в
израиль из раиль
дама дама
ус ус
хгапп хгапп
антк антк
ао ао
аарон а а рон
ессентуки ес сен ту ки
еэп еэп
ес ес
рф рф
дата дата
япония я по ни я
безымянный бе зы мян ный
дхм дхм
карандаш карандаш
алфёров ал фё ров
папа па па
эвм эвм
он он
сестра сест ра
и и
ад ад
адаптация а дап та ци я
антигистаминный ан ти ги с та мин ный
барабан ба ра бан
белка бел ка
визуализация ви зу а ли за ци я
гм гм
демократ де мо крат
диез ди ез
дилетант ди ле тант
досуг до суг
искусно ис ку сно
какао ка ка о
медиевистика ме ди е вис ти ка
аргон аргон
платина пла ти на
например на при мер
паркетник пар кет ник
пиньинь пинь инь
полиция по ли ци я
дупа ду па
язик язик
сладенький сла день кий
тело те ло
улучшение у луч ше ни е
утешение у те ше ни е
ученье у чень е
последовавший по сле до вав ший
фламандский фла манд ский
экзекуция эк зе ку ци я
в в
спид спид
алгебра алгеб ра
двоемыслие дво е мыс ли е
г г
кенотрон ке но трон
пеночка-теньковка пе ноч ка- тень ков ка
таннид тан нид
литера ли те ра
ёлки-палки ёл ки-пал ки
австралия австрали я
азербайджан а зер бай джан
армения ар ме ни я
англия ан гли я
хорватский хор ват с кий
египет е ги пет
домбра дом б ра
гусли-самогуды гу сли-са мо гу ды
скатерть-самобранка ска терть -са мо бран ка
кошелёк-самотряс ко ше лёк- са мо тряс
сапоги-скороходы са по ги-ско ро хо ды
миро ми ро
флейта-пикколо флей та - пик ко ло
нахлыст на хлыст
заполоснуться за по лос нуть ся
сразиться сра зить ся
допеть до петь
тоталитарный то та ли тар ный
марксизм-ленинизм марк сизм- ле ни низм
коста-рика кос та -ри ка
шиншилла шин шил ла
булава бу ла ва
электрод э ле ктрод
до-диез до-ди ез
ре-диез ре-ди ез
ми-диез ми-ди ез
фа-диез фа-ди ез
соль-диез соль -ди ез
ля-диез ля-ди ез
си-диез си-ди ез
пчельник пчель ник
лето ле то
обусловить обу сло вить
кокнар кок нар
обуславливать о буслав ли вать
кунигас ку ни гас
спасание спа са ни е
познань по знань
обочина о бо чи на
алексей а лексей
литература ли те ра ту ра
четьи-минеи четь и- ми не и
необычно не о быч но
с с
афганистан аф гани стан
деепричастие де епри час ти е
интерлингва ин тер лингва
противоречивость про ти во ре чи вость
мочеточный мо че точ ный
биатлонист би ат ло нист
семирамида се ми ра ми да
дуодецима ду о де ци ма
септима сеп ти ма
нона но на
децима де ци ма
ундецима ун де ци ма
терцдецима терц де ци ма
квартдецима кварт де цима
безобразный без об раз ный
хартия хар ти я
клоп-солдатик клоп- сол да тик
сдерживающий сдер жи ва ю щий
европа ев ро па
македонский ма ке дон ский
во-первых во - пер вых
индия ин ди я
ангола ан го ла
ягня яг ня
янина яни на
ядвига я дви га
ярослава я росла ва
юлиана юли а на
эльвира эльвира
элеонора э ле о но ра
эвелина э ве ли на
улита у ли та
соображение со об ра же ни е
аэс аэс
зиять зи ять
всегда всегда
макать ма кать
лёгкие лёг ки е
б б
аруба а ру ба
копатель ко па тель
идо идо
идейный идей ный
чсср чсср
фронтиспис фрон тис пис
валюта ва лю та
хз хз
августа ав гус та
акулина а ку ли на
алевтина а лев ти на
александра а лек сан дра
алиса а лиса
алоиза а ло и за
ангелина ан ге ли на
анета а не та
анетта а нет та
анжелика анже ли ка
ариадна а ри адна
антонина ан то ни на
антонида ан то ни да
аннета ан не та
колбасить кол ба сить
елейный е лей ный
донага до на га
павлина пав ли на
олимпиада о лим пи ада
октябрина ок тя бри на
разборчивый раз бор чи вый
зыбучий зы бу чий
нахапать на ха пать
ощетиниться о ще ти ни ть ся
измаяться из ма ять ся
порхать пор хать
отчалить от ча лить
плюхаться плю хать ся
поплатиться по пла тить ся
усесться у сесть ся
елена е ле на
екатерина е ка те ри на
елизавета е ли за ве та
зарина за ри на
илона и лона
ираида и ра и да
ирена ире на
инесса и несса
уморительный у мо ри тель ный
кельнер кель нер
извилистый из ви листый
тауматауакатангиангакоауауотаматеатурипукакапикимаунгахоронукупокануэнуакитанатаху та у ма та у а ка тан ги ан га ко ау а у о та ма те а ту ри пу ка ка пи ки ма ун га хо ро ну ку по ка ну э ну а ки та на та ху
пениться пе нить ся
андорра андор ра
трантелево тран те ле во
заляпать за ля пать
